This is pdfTeX, Version 3.141592653-2.6-1.40.27 (MiKTeX 25.4) (preloaded format=pdflatex 2025.9.4)  29 SEP 2026 15:24
entering extended mode
 restricted \write18 enabled.
 %&-line parsing enabled.
**./report.tex
(report.tex
LaTeX2e <2025-06-01> patch level 1
L3 programming layer <2025-08-13>
(C:\Users\markm\AppData\Local\Programs\MiKTeX\tex/latex/base\article.cls
Document Class: article 2025/01/22 v1.4n Standard LaTeX document class
(C:\Users\markm\AppData\Local\Programs\MiKTeX\tex/latex/base\size12.clo
File: size12.clo 2025/01/22 v1.4n Standard LaTeX file (size option)
)
\c@part=\count275
\c@section=\count276
\c@subsection=\count277
\c@subsubsection=\count278
\c@paragraph=\count279
\c@subparagraph=\count280
\c@figure=\count281
\c@table=\count282
\abovecaptionskip=\skip49
\belowcaptionskip=\skip50
\bibindent=\dimen148
)
(C:\Users\markm\AppData\Local\Programs\MiKTeX\tex/latex/base\inputenc.sty
Package: inputenc 2024/02/08 v1.3d Input encoding file
\inpenc@prehook=\toks17
\inpenc@posthook=\toks18
)
(C:\Users\markm\AppData\Local\Programs\MiKTeX\tex/latex/amsmath\amsmath.sty
Package: amsmath 2025/06/16 v2.17y AMS math features
\@mathmargin=\skip51

For additional information on amsmath, use the `?' option.
(C:\Users\markm\AppData\Local\Programs\MiKTeX\tex/latex/amsmath\amstext.sty
Package: amstext 2024/11/17 v2.01 AMS text

(C:\Users\markm\AppData\Local\Programs\MiKTeX\tex/latex/amsmath\amsgen.sty
File: amsgen.sty 1999/11/30 v2.0 generic functions
\@emptytoks=\toks19
\ex@=\dimen149
))
(C:\Users\markm\AppData\Local\Programs\MiKTeX\tex/latex/amsmath\amsbsy.sty
Package: amsbsy 1999/11/29 v1.2d Bold Symbols
\pmbraise@=\dimen150
)
(C:\Users\markm\AppData\Local\Programs\MiKTeX\tex/latex/amsmath\amsopn.sty
Package: amsopn 2022/04/08 v2.04 operator names
)
\inf@bad=\count283
LaTeX Info: Redefining \frac on input line 233.
\uproot@=\count284
\leftroot@=\count285
LaTeX Info: Redefining \overline on input line 398.
LaTeX Info: Redefining \colon on input line 409.
\classnum@=\count286
\DOTSCASE@=\count287
LaTeX Info: Redefining \ldots on input line 495.
LaTeX Info: Redefining \dots on input line 498.
LaTeX Info: Redefining \cdots on input line 619.
\Mathstrutbox@=\box53
\strutbox@=\box54
LaTeX Info: Redefining \big on input line 721.
LaTeX Info: Redefining \Big on input line 722.
LaTeX Info: Redefining \bigg on input line 723.
LaTeX Info: Redefining \Bigg on input line 724.
\big@size=\dimen151
LaTeX Font Info:    Redeclaring font encoding OML on input line 742.
LaTeX Font Info:    Redeclaring font encoding OMS on input line 743.
\macc@depth=\count288
LaTeX Info: Redefining \bmod on input line 904.
LaTeX Info: Redefining \pmod on input line 909.
LaTeX Info: Redefining \smash on input line 939.
LaTeX Info: Redefining \relbar on input line 969.
LaTeX Info: Redefining \Relbar on input line 970.
\c@MaxMatrixCols=\count289
\dotsspace@=\muskip17
\c@parentequation=\count290
\dspbrk@lvl=\count291
\tag@help=\toks20
\row@=\count292
\column@=\count293
\maxfields@=\count294
\andhelp@=\toks21
\eqnshift@=\dimen152
\alignsep@=\dimen153
\tagshift@=\dimen154
\tagwidth@=\dimen155
\totwidth@=\dimen156
\lineht@=\dimen157
\@envbody=\toks22
\multlinegap=\skip52
\multlinetaggap=\skip53
\mathdisplay@stack=\toks23
LaTeX Info: Redefining \[ on input line 2949.
LaTeX Info: Redefining \] on input line 2950.
)
(C:\Users\markm\AppData\Local\Programs\MiKTeX\tex/latex/graphics\graphicx.sty
Package: graphicx 2024/12/31 v1.2e Enhanced LaTeX Graphics (DPC,SPQR)

(C:\Users\markm\AppData\Local\Programs\MiKTeX\tex/latex/graphics\keyval.sty
Package: keyval 2022/05/29 v1.15 key=value parser (DPC)
\KV@toks@=\toks24
)
(C:\Users\markm\AppData\Local\Programs\MiKTeX\tex/latex/graphics\graphics.sty
Package: graphics 2024/08/06 v1.4g Standard LaTeX Graphics (DPC,SPQR)

(C:\Users\markm\AppData\Local\Programs\MiKTeX\tex/latex/graphics\trig.sty
Package: trig 2023/12/02 v1.11 sin cos tan (DPC)
)
(C:\Users\markm\AppData\Local\Programs\MiKTeX\tex/latex/graphics-cfg\graphics.c
fg
File: graphics.cfg 2016/06/04 v1.11 sample graphics configuration
)
Package graphics Info: Driver file: pdftex.def on input line 106.

(C:\Users\markm\AppData\Local\Programs\MiKTeX\tex/latex/graphics-def\pdftex.def
File: pdftex.def 2024/04/13 v1.2c Graphics/color driver for pdftex
))
\Gin@req@height=\dimen158
\Gin@req@width=\dimen159
)
(C:\Users\markm\AppData\Local\Programs\MiKTeX\tex/latex/hyperref\hyperref.sty
Package: hyperref 2025-07-12 v7.01o Hypertext links for LaTeX

(C:\Users\markm\AppData\Local\Programs\MiKTeX\tex/generic/iftex\iftex.sty
Package: iftex 2024/12/12 v1.0g TeX engine tests
)
(C:\Users\markm\AppData\Local\Programs\MiKTeX\tex/latex/kvsetkeys\kvsetkeys.sty
Package: kvsetkeys 2022-10-05 v1.19 Key value parser (HO)
)
(C:\Users\markm\AppData\Local\Programs\MiKTeX\tex/generic/kvdefinekeys\kvdefine
keys.sty
Package: kvdefinekeys 2019-12-19 v1.6 Define keys (HO)
)
(C:\Users\markm\AppData\Local\Programs\MiKTeX\tex/generic/pdfescape\pdfescape.s
ty
Package: pdfescape 2019/12/09 v1.15 Implements pdfTeX's escape features (HO)

(C:\Users\markm\AppData\Local\Programs\MiKTeX\tex/generic/ltxcmds\ltxcmds.sty
Package: ltxcmds 2023-12-04 v1.26 LaTeX kernel commands for general use (HO)
)
(C:\Users\markm\AppData\Local\Programs\MiKTeX\tex/generic/pdftexcmds\pdftexcmds
.sty
Package: pdftexcmds 2020-06-27 v0.33 Utility functions of pdfTeX for LuaTeX (HO
)

(C:\Users\markm\AppData\Local\Programs\MiKTeX\tex/generic/infwarerr\infwarerr.s
ty
Package: infwarerr 2019/12/03 v1.5 Providing info/warning/error messages (HO)
)
Package pdftexcmds Info: \pdf@primitive is available.
Package pdftexcmds Info: \pdf@ifprimitive is available.
Package pdftexcmds Info: \pdfdraftmode found.
))
(C:\Users\markm\AppData\Local\Programs\MiKTeX\tex/latex/hycolor\hycolor.sty
Package: hycolor 2020-01-27 v1.10 Color options for hyperref/bookmark (HO)
)
(C:\Users\markm\AppData\Local\Programs\MiKTeX\tex/latex/hyperref\nameref.sty
Package: nameref 2025-06-21 v2.57 Cross-referencing by name of section

(C:\Users\markm\AppData\Local\Programs\MiKTeX\tex/latex/refcount\refcount.sty
Package: refcount 2019/12/15 v3.6 Data extraction from label references (HO)
)
(C:\Users\markm\AppData\Local\Programs\MiKTeX\tex/generic/gettitlestring\gettit
lestring.sty
Package: gettitlestring 2019/12/15 v1.6 Cleanup title references (HO)

(C:\Users\markm\AppData\Local\Programs\MiKTeX\tex/latex/kvoptions\kvoptions.sty
Package: kvoptions 2022-06-15 v3.15 Key value format for package options (HO)
))
\c@section@level=\count295
)
(C:\Users\markm\AppData\Local\Programs\MiKTeX\tex/latex/etoolbox\etoolbox.sty
Package: etoolbox 2025/02/11 v2.5l e-TeX tools for LaTeX (JAW)
\etb@tempcnta=\count296
)
(C:\Users\markm\AppData\Local\Programs\MiKTeX\tex/generic/stringenc\stringenc.s
ty
Package: stringenc 2019/11/29 v1.12 Convert strings between diff. encodings (HO
)
)
\@linkdim=\dimen160
\Hy@linkcounter=\count297
\Hy@pagecounter=\count298
 (C:\Users\markm\AppData\Local\Programs\MiKTeX\tex/latex/hyperref\pd1enc.def
File: pd1enc.def 2025-07-12 v7.01o Hyperref: PDFDocEncoding definition (HO)
Now handling font encoding PD1 ...
... no UTF-8 mapping file for font encoding PD1
) (C:\Users\markm\AppData\Local\Programs\MiKTeX\tex/generic/intcalc\intcalc.sty
Package: intcalc 2019/12/15 v1.3 Expandable calculations with integers (HO)
)
\Hy@SavedSpaceFactor=\count299
 (C:\Users\markm\AppData\Local\Programs\MiKTeX\tex/latex/hyperref\puenc.def
File: puenc.def 2025-07-12 v7.01o Hyperref: PDF Unicode definition (HO)
Now handling font encoding PU ...
... no UTF-8 mapping file for font encoding PU
)
Package hyperref Info: Hyper figures OFF on input line 4195.
Package hyperref Info: Link nesting OFF on input line 4200.
Package hyperref Info: Hyper index ON on input line 4203.
Package hyperref Info: Plain pages OFF on input line 4210.
Package hyperref Info: Backreferencing OFF on input line 4215.
Package hyperref Info: Implicit mode ON; LaTeX internals redefined.
Package hyperref Info: Bookmarks ON on input line 4462.
\c@Hy@tempcnt=\count300

(C:\Users\markm\AppData\Local\Programs\MiKTeX\tex/latex/url\url.sty
\Urlmuskip=\muskip18
Package: url 2013/09/16  ver 3.4  Verb mode for urls, etc.
)
LaTeX Info: Redefining \url on input line 4801.
\XeTeXLinkMargin=\dimen161

(C:\Users\markm\AppData\Local\Programs\MiKTeX\tex/generic/bitset\bitset.sty
Package: bitset 2019/12/09 v1.3 Handle bit-vector datatype (HO)

(C:\Users\markm\AppData\Local\Programs\MiKTeX\tex/generic/bigintcalc\bigintcalc
.sty
Package: bigintcalc 2019/12/15 v1.5 Expandable calculations on big integers (HO
)
))
\Fld@menulength=\count301
\Field@Width=\dimen162
\Fld@charsize=\dimen163
Package hyperref Info: Hyper figures OFF on input line 6078.
Package hyperref Info: Link nesting OFF on input line 6083.
Package hyperref Info: Hyper index ON on input line 6086.
Package hyperref Info: backreferencing OFF on input line 6093.
Package hyperref Info: Link coloring OFF on input line 6098.
Package hyperref Info: Link coloring with OCG OFF on input line 6103.
Package hyperref Info: PDF/A mode OFF on input line 6108.
\Hy@abspage=\count302
\c@Item=\count303
\c@Hfootnote=\count304
)
Package hyperref Info: Driver (autodetected): hpdftex.

(C:\Users\markm\AppData\Local\Programs\MiKTeX\tex/latex/hyperref\hpdftex.def
File: hpdftex.def 2025-07-12 v7.01o Hyperref driver for pdfTeX
\Fld@listcount=\count305
\c@bookmark@seq@number=\count306

(C:\Users\markm\AppData\Local\Programs\MiKTeX\tex/latex/rerunfilecheck\rerunfil
echeck.sty
Package: rerunfilecheck 2025-06-21 v1.11 Rerun checks for auxiliary files (HO)

(C:\Users\markm\AppData\Local\Programs\MiKTeX\tex/generic/uniquecounter\uniquec
ounter.sty
Package: uniquecounter 2019/12/15 v1.4 Provide unlimited unique counter (HO)
)
Package uniquecounter Info: New unique counter `rerunfilecheck' on input line 2
84.
)
\Hy@SectionHShift=\skip54
)
(C:\Users\markm\AppData\Local\Programs\MiKTeX\tex/latex/listings\listings.sty
\lst@mode=\count307
\lst@gtempboxa=\box55
\lst@token=\toks25
\lst@length=\count308
\lst@currlwidth=\dimen164
\lst@column=\count309
\lst@pos=\count310
\lst@lostspace=\dimen165
\lst@width=\dimen166
\lst@newlines=\count311
\lst@lineno=\count312
\lst@maxwidth=\dimen167

(C:\Users\markm\AppData\Local\Programs\MiKTeX\tex/latex/listings\lstpatch.sty
File: lstpatch.sty 2024/09/23 1.10c (Carsten Heinz)
)
(C:\Users\markm\AppData\Local\Programs\MiKTeX\tex/latex/listings\lstmisc.sty
File: lstmisc.sty 2024/09/23 1.10c (Carsten Heinz)
\c@lstnumber=\count313
\lst@skipnumbers=\count314
\lst@framebox=\box56
)
(C:\Users\markm\AppData\Local\Programs\MiKTeX\tex/latex/listings\listings.cfg
File: listings.cfg 2024/09/23 1.10c listings configuration
))
Package: listings 2024/09/23 1.10c (Carsten Heinz)
(C:\Users\markm\AppData\Local\Programs\MiKTeX\tex/latex/float\float.sty
Package: float 2001/11/08 v1.3d Float enhancements (AL)
\c@float@type=\count315
\float@exts=\toks26
\float@box=\box57
\@float@everytoks=\toks27
\@floatcapt=\box58
)
(C:\Users\markm\AppData\Local\Programs\MiKTeX\tex/latex/listings\lstlang1.sty
File: lstlang1.sty 2024/09/23 1.10c listings language file
)
(C:\Users\markm\AppData\Local\Programs\MiKTeX\tex/latex/listings\lstlang1.sty
File: lstlang1.sty 2024/09/23 1.10c listings language file
)
(C:\Users\markm\AppData\Local\Programs\MiKTeX\tex/latex/listings\lstmisc.sty
File: lstmisc.sty 2024/09/23 1.10c (Carsten Heinz)
)
(C:\Users\markm\AppData\Local\Programs\MiKTeX\tex/latex/l3backend\l3backend-pdf
tex.def
File: l3backend-pdftex.def 2025-06-09 L3 backend support: PDF output (pdfTeX)
\l__color_backend_stack_int=\count316
) (report.aux)
\openout1 = `report.aux'.

LaTeX Font Info:    Checking defaults for OML/cmm/m/it on input line 50.
LaTeX Font Info:    ... okay on input line 50.
LaTeX Font Info:    Checking defaults for OMS/cmsy/m/n on input line 50.
LaTeX Font Info:    ... okay on input line 50.
LaTeX Font Info:    Checking defaults for OT1/cmr/m/n on input line 50.
LaTeX Font Info:    ... okay on input line 50.
LaTeX Font Info:    Checking defaults for T1/cmr/m/n on input line 50.
LaTeX Font Info:    ... okay on input line 50.
LaTeX Font Info:    Checking defaults for TS1/cmr/m/n on input line 50.
LaTeX Font Info:    ... okay on input line 50.
LaTeX Font Info:    Checking defaults for OMX/cmex/m/n on input line 50.
LaTeX Font Info:    ... okay on input line 50.
LaTeX Font Info:    Checking defaults for U/cmr/m/n on input line 50.
LaTeX Font Info:    ... okay on input line 50.
LaTeX Font Info:    Checking defaults for PD1/pdf/m/n on input line 50.
LaTeX Font Info:    ... okay on input line 50.
LaTeX Font Info:    Checking defaults for PU/pdf/m/n on input line 50.
LaTeX Font Info:    ... okay on input line 50.

(C:\Users\markm\AppData\Local\Programs\MiKTeX\tex/context/base/mkii\supp-pdf.mk
ii
[Loading MPS to PDF converter (version 2006.09.02).]
\scratchcounter=\count317
\scratchdimen=\dimen168
\scratchbox=\box59
\nofMPsegments=\count318
\nofMParguments=\count319
\everyMPshowfont=\toks28
\MPscratchCnt=\count320
\MPscratchDim=\dimen169
\MPnumerator=\count321
\makeMPintoPDFobject=\count322
\everyMPtoPDFconversion=\toks29
)
(C:\Users\markm\AppData\Local\Programs\MiKTeX\tex/latex/epstopdf-pkg\epstopdf-b
ase.sty
Package: epstopdf-base 2020-01-24 v2.11 Base part for package epstopdf
Package epstopdf-base Info: Redefining graphics rule for `.eps' on input line 4
85.

(C:\Users\markm\AppData\Local\Programs\MiKTeX\tex/latex/00miktex\epstopdf-sys.c
fg
File: epstopdf-sys.cfg 2021/03/18 v2.0 Configuration of epstopdf for MiKTeX
))
Package hyperref Info: Link coloring OFF on input line 50.
 (report.out) (report.out)
\@outlinefile=\write3
\openout3 = `report.out'.

\c@lstlisting=\count323


[1

{C:/Users/markm/AppData/Local/MiKTeX/fonts/map/pdftex/pdftex.map}]
<../images/E3 - Switch and LED.jpg, id=12, 963.6pt x 1284.8pt>
File: ../images/E3 - Switch and LED.jpg Graphic file (type jpg)
<use ../images/E3 - Switch and LED.jpg>
Package pdftex.def Info: ../images/E3 - Switch and LED.jpg  used on input line 
88.
(pdftex.def)             Requested size: 195.0pt x 259.99414pt.


[2
pdfTeX warning (ext4): destination with the same identifier (name{figure.1}) ha
s been already used, duplicate ignored
<argument> ...shipout:D \box_use:N \l_shipout_box 
                                                  \__shipout_drop_firstpage_...
l.91 
     
pdfTeX warning (ext4): destination with the same identifier (name{figure.2}) ha
s been already used, duplicate ignored
<argument> ...shipout:D \box_use:N \l_shipout_box 
                                                  \__shipout_drop_firstpage_...
l.91 
     ]
<../images/E3 - Counter and LED 1.jpg, id=25, 1284.8pt x 963.6pt>
File: ../images/E3 - Counter and LED 1.jpg Graphic file (type jpg)
<use ../images/E3 - Counter and LED 1.jpg>
Package pdftex.def Info: ../images/E3 - Counter and LED 1.jpg  used on input li
ne 100.
(pdftex.def)             Requested size: 195.0pt x 146.23935pt.


[3
pdfTeX warning (ext4): destination with the same identifier (name{figure.3}) ha
s been already used, duplicate ignored
<argument> ...shipout:D \box_use:N \l_shipout_box 
                                                  \__shipout_drop_firstpage_...
l.103 
      
pdfTeX warning (ext4): destination with the same identifier (name{figure.4}) ha
s been already used, duplicate ignored
<argument> ...shipout:D \box_use:N \l_shipout_box 
                                                  \__shipout_drop_firstpage_...
l.103 
       <../images/E3 - Switch and LED.jpg>]
<../images/E3 - Counter and LED 2.jpg, id=33, 1284.8pt x 963.6pt>
File: ../images/E3 - Counter and LED 2.jpg Graphic file (type jpg)
<use ../images/E3 - Counter and LED 2.jpg>
Package pdftex.def Info: ../images/E3 - Counter and LED 2.jpg  used on input li
ne 106.
(pdftex.def)             Requested size: 195.0pt x 146.23935pt.


[4
pdfTeX warning (ext4): destination with the same identifier (name{figure.5}) ha
s been already used, duplicate ignored
<argument> ...shipout:D \box_use:N \l_shipout_box 
                                                  \__shipout_drop_firstpage_...
l.119 \newpage
              
pdfTeX warning (ext4): destination with the same identifier (name{figure.6}) ha
s been already used, duplicate ignored
<argument> ...shipout:D \box_use:N \l_shipout_box 
                                                  \__shipout_drop_firstpage_...
l.119 \newpage
               <../images/E3 - Counter and LED 1.jpg> <../images/E3 - Counter a
nd LED 2.jpg>]
<../images/E4 - Assignment operations.png, id=41, 465.23813pt x 229.35687pt>
File: ../images/E4 - Assignment operations.png Graphic file (type png)
<use ../images/E4 - Assignment operations.png>
Package pdftex.def Info: ../images/E4 - Assignment operations.png  used on inpu
t line 170.
(pdftex.def)             Requested size: 195.0pt x 96.12975pt.


[5
pdfTeX warning (ext4): destination with the same identifier (name{figure.7}) ha
s been already used, duplicate ignored
<argument> ...shipout:D \box_use:N \l_shipout_box 
                                                  \__shipout_drop_firstpage_...
l.177 ...itialization and software multiplication}
                                                   <../images/E4 - Assignment o
perations.png>]
<../images/E4 - Matrix Mult.jpg, id=55, 653.44125pt x 467.7475pt>
File: ../images/E4 - Matrix Mult.jpg Graphic file (type jpg)
<use ../images/E4 - Matrix Mult.jpg>
Package pdftex.def Info: ../images/E4 - Matrix Mult.jpg  used on input line 181
.
(pdftex.def)             Requested size: 195.0pt x 139.58305pt.


[6
pdfTeX warning (ext4): destination with the same identifier (name{figure.8}) ha
s been already used, duplicate ignored
<argument> ...shipout:D \box_use:N \l_shipout_box 
                                                  \__shipout_drop_firstpage_...
l.189 \newpage
              
pdfTeX warning (ext4): destination with the same identifier (name{figure.9}) ha
s been already used, duplicate ignored
<argument> ...shipout:D \box_use:N \l_shipout_box 
                                                  \__shipout_drop_firstpage_...
l.189 \newpage
               <../images/E4 - Matrix Mult.jpg>]

[7
pdfTeX warning (ext4): destination with the same identifier (name{figure.10}) h
as been already used, duplicate ignored
<argument> ...shipout:D \box_use:N \l_shipout_box 
                                                  \__shipout_drop_firstpage_...
l.215 
      
pdfTeX warning (ext4): destination with the same identifier (name{figure.11}) h
as been already used, duplicate ignored
<argument> ...shipout:D \box_use:N \l_shipout_box 
                                                  \__shipout_drop_firstpage_...
l.215 
      ]
<../images/E5 - Matrix mult soft and hard.jpg, id=73, 625.33624pt x 587.19376pt
>
File: ../images/E5 - Matrix mult soft and hard.jpg Graphic file (type jpg)
<use ../images/E5 - Matrix mult soft and hard.jpg>
Package pdftex.def Info: ../images/E5 - Matrix mult soft and hard.jpg  used on 
input line 220.
(pdftex.def)             Requested size: 195.0pt x 183.10336pt.


[8
pdfTeX warning (ext4): destination with the same identifier (name{figure.12}) h
as been already used, duplicate ignored
<argument> ...shipout:D \box_use:N \l_shipout_box 
                                                  \__shipout_drop_firstpage_...
l.238 \newpage
               <../images/E5 - Matrix mult soft and hard.jpg>]
Package hyperref Info: bookmark level for unknown lstlisting defaults to 0 on i
nput line 252.
LaTeX Font Info:    Font shape `OT1/cmtt/bx/n' in size <10.95> not available
(Font)              Font shape `OT1/cmtt/m/n' tried instead on input line 253.

Overfull \hbox (0.2529pt too wide) in paragraph at lines 270--271
[]\OT1/cmr/m/n/12 The pro-vided `neu-ral-Net.h` de-fines the func-tion in-ter-f
ace, and `test-Bench.cpp`
 []



[9]
<../images/E7 - Simulation Synthesis.jpg, id=102, 1927.2pt x 1084.05pt>
File: ../images/E7 - Simulation Synthesis.jpg Graphic file (type jpg)
<use ../images/E7 - Simulation Synthesis.jpg>
Package pdftex.def Info: ../images/E7 - Simulation Synthesis.jpg  used on input
 line 282.
(pdftex.def)             Requested size: 319.80286pt x 179.8861pt.
<../images/E7 - Simulation Log.jpg, id=103, 1927.2pt x 1084.05pt>
File: ../images/E7 - Simulation Log.jpg Graphic file (type jpg)
<use ../images/E7 - Simulation Log.jpg>
Package pdftex.def Info: ../images/E7 - Simulation Log.jpg  used on input line 
288.
(pdftex.def)             Requested size: 319.80286pt x 179.8861pt.
<../images/E7 - Comparison Report.jpg, id=104, 1927.2pt x 1084.05pt>
File: ../images/E7 - Comparison Report.jpg Graphic file (type jpg)
<use ../images/E7 - Comparison Report.jpg>
Package pdftex.def Info: ../images/E7 - Comparison Report.jpg  used on input li
ne 294.
(pdftex.def)             Requested size: 319.80286pt x 179.8861pt.


[10
pdfTeX warning (ext4): destination with the same identifier (name{figure.13}) h
as been already used, duplicate ignored
<argument> ...shipout:D \box_use:N \l_shipout_box 
                                                  \__shipout_drop_firstpage_...
l.297 
      
pdfTeX warning (ext4): destination with the same identifier (name{figure.14}) h
as been already used, duplicate ignored
<argument> ...shipout:D \box_use:N \l_shipout_box 
                                                  \__shipout_drop_firstpage_...
l.297 
       <../images/E7 - Simulation Synthesis.jpg> <../images/E7 - Simulation Log
.jpg>]
<../images/E7 - Zybo board LEDS and switches 1.jpg, id=114, 963.6pt x 1284.8pt>

File: ../images/E7 - Zybo board LEDS and switches 1.jpg Graphic file (type jpg)

<use ../images/E7 - Zybo board LEDS and switches 1.jpg>
Package pdftex.def Info: ../images/E7 - Zybo board LEDS and switches 1.jpg  use
d on input line 306.
(pdftex.def)             Requested size: 187.19833pt x 249.58418pt.
<../images/E7 - Zybo board LEDS and switches 2.jpg, id=115, 963.6pt x 1284.8pt>

File: ../images/E7 - Zybo board LEDS and switches 2.jpg Graphic file (type jpg)

<use ../images/E7 - Zybo board LEDS and switches 2.jpg>
Package pdftex.def Info: ../images/E7 - Zybo board LEDS and switches 2.jpg  use
d on input line 311.
(pdftex.def)             Requested size: 187.19833pt x 249.58418pt.


[11
pdfTeX warning (ext4): destination with the same identifier (name{figure.15}) h
as been already used, duplicate ignored
<argument> ...shipout:D \box_use:N \l_shipout_box 
                                                  \__shipout_drop_firstpage_...
l.315 
       <../images/E7 - Comparison Report.jpg>] (../code/lab7opg3.c

[12
pdfTeX warning (ext4): destination with the same identifier (name{figure.16}) h
as been already used, duplicate ignored
<argument> ...shipout:D \box_use:N \l_shipout_box 
                                                  \__shipout_drop_firstpage_...
l.7     int 
            output[OUTPUT_LEN],
pdfTeX warning (ext4): destination with the same identifier (name{figure.17}) h
as been already used, duplicate ignored
<argument> ...shipout:D \box_use:N \l_shipout_box 
                                                  \__shipout_drop_firstpage_...
l.7     int 
            output[OUTPUT_LEN], <../images/E7 - Zybo board LEDS and switches 1.
jpg> <../images/E7 - Zybo board LEDS and switches 2.jpg>]

[13]) (../code/lab7opg4.c

[14]) (../code/lab7opg8.c)

[15] (../code/lab7opg9.c
Overfull \hbox (161.18439pt too wide) in paragraph at lines 1--2
[][] 
 []


Overfull \hbox (148.08289pt too wide) in paragraph at lines 18--20
[][][][][] 
 []


Overfull \hbox (133.5904pt too wide) in paragraph at lines 28--29
[][] 
 []


Overfull \hbox (43.90991pt too wide) in paragraph at lines 29--30
[][] 
 []



[16]
Overfull \hbox (133.5904pt too wide) in paragraph at lines 30--32
[][] 
 []


Overfull \hbox (133.5904pt too wide) in paragraph at lines 44--45
[][] 
 []


Overfull \hbox (133.5904pt too wide) in paragraph at lines 46--48
[][] 
 []


Overfull \hbox (133.5904pt too wide) in paragraph at lines 51--52
[][] 
 []


Overfull \hbox (105.9964pt too wide) in paragraph at lines 52--53
[][] 
 []


Overfull \hbox (133.5904pt too wide) in paragraph at lines 53--55
[][] 
 []



[17]

[18]
Overfull \hbox (133.5904pt too wide) in paragraph at lines 116--117
[][] 
 []


Overfull \hbox (9.41742pt too wide) in paragraph at lines 117--118
[][] 
 []


Overfull \hbox (133.5904pt too wide) in paragraph at lines 118--120
[][] 
 []



[19]
Overfull \hbox (133.5904pt too wide) in paragraph at lines 132--133
[][] 
 []


Overfull \hbox (133.5904pt too wide) in paragraph at lines 134--136
[][] 
 []


Overfull \hbox (133.5904pt too wide) in paragraph at lines 155--156
[][] 
 []


Overfull \hbox (57.70691pt too wide) in paragraph at lines 156--157
[][] 
 []


Overfull \hbox (133.5904pt too wide) in paragraph at lines 157--159
[][] 
 []



[20]
Overfull \hbox (133.5904pt too wide) in paragraph at lines 180--181
[][] 
 []


Overfull \hbox (50.80841pt too wide) in paragraph at lines 181--182
[][] 
 []


Overfull \hbox (133.5904pt too wide) in paragraph at lines 182--184
[][] 
 []



[21]
Overfull \hbox (133.5904pt too wide) in paragraph at lines 202--203
[][] 
 []


Overfull \hbox (133.5904pt too wide) in paragraph at lines 204--206
[][] 
 []



[22]
Overfull \hbox (133.5904pt too wide) in paragraph at lines 241--242
[][] 
 []


Overfull \hbox (2.51892pt too wide) in paragraph at lines 242--243
[][] 
 []


Overfull \hbox (133.5904pt too wide) in paragraph at lines 243--245
[][] 
 []


Overfull \hbox (133.5904pt too wide) in paragraph at lines 257--258
[][] 
 []



[23]
Overfull \hbox (133.5904pt too wide) in paragraph at lines 259--261
[][] 
 []


Overfull \hbox (133.5904pt too wide) in paragraph at lines 273--274
[][] 
 []


Overfull \hbox (133.5904pt too wide) in paragraph at lines 275--277
[][] 
 []



[24]
Overfull \hbox (133.5904pt too wide) in paragraph at lines 289--290
[][] 
 []


Overfull \hbox (133.5904pt too wide) in paragraph at lines 291--293
[][] 
 []


Overfull \hbox (133.5904pt too wide) in paragraph at lines 302--303
[][] 
 []


Overfull \hbox (133.5904pt too wide) in paragraph at lines 304--306
[][] 
 []


Overfull \hbox (133.5904pt too wide) in paragraph at lines 318--319
[][] 
 []



[25]
Overfull \hbox (9.41742pt too wide) in paragraph at lines 319--320
[][] 
 []


Overfull \hbox (133.5904pt too wide) in paragraph at lines 320--322
[][] 
 []


Overfull \hbox (133.5904pt too wide) in paragraph at lines 329--330
[][] 
 []


Overfull \hbox (16.31592pt too wide) in paragraph at lines 330--331
[][] 
 []


Overfull \hbox (133.5904pt too wide) in paragraph at lines 331--333
[][] 
 []



[26]
Overfull \hbox (133.5904pt too wide) in paragraph at lines 355--356
[][] 
 []


Overfull \hbox (2.51892pt too wide) in paragraph at lines 356--357
[][] 
 []


Overfull \hbox (133.5904pt too wide) in paragraph at lines 357--359
[][] 
 []


Overfull \hbox (133.5904pt too wide) in paragraph at lines 373--374
[][] 
 []


Overfull \hbox (133.5904pt too wide) in paragraph at lines 375--377
[][] 
 []



[27]
Overfull \hbox (133.5904pt too wide) in paragraph at lines 383--384
[][] 
 []


Overfull \hbox (133.5904pt too wide) in paragraph at lines 385--387
[][] 
 []


Overfull \hbox (133.5904pt too wide) in paragraph at lines 399--400
[][] 
 []


Overfull \hbox (133.5904pt too wide) in paragraph at lines 401--403
[][] 
 []



[28]
Overfull \hbox (133.5904pt too wide) in paragraph at lines 415--416
[][] 
 []


Overfull \hbox (133.5904pt too wide) in paragraph at lines 417--419
[][] 
 []



[29]
Overfull \hbox (133.5904pt too wide) in paragraph at lines 439--440
[][] 
 []


Overfull \hbox (133.5904pt too wide) in paragraph at lines 441--443
[][] 
 []


Overfull \hbox (133.5904pt too wide) in paragraph at lines 456--457
[][] 
 []


Overfull \hbox (30.11292pt too wide) in paragraph at lines 457--458
[][] 
 []


Overfull \hbox (133.5904pt too wide) in paragraph at lines 458--460
[][] 
 []



[30]
Overfull \hbox (133.5904pt too wide) in paragraph at lines 491--492
[][] 
 []


Overfull \hbox (85.3009pt too wide) in paragraph at lines 492--493
[][] 
 []


Overfull \hbox (133.5904pt too wide) in paragraph at lines 493--495
[][] 
 []



[31]
Overfull \hbox (133.5904pt too wide) in paragraph at lines 521--522
[][] 
 []


Overfull \hbox (99.0979pt too wide) in paragraph at lines 522--523
[][] 
 []


Overfull \hbox (133.5904pt too wide) in paragraph at lines 523--525
[][] 
 []



[32]
Overfull \hbox (133.5904pt too wide) in paragraph at lines 541--542
[][] 
 []


Overfull \hbox (133.5904pt too wide) in paragraph at lines 543--545
[][] 
 []


Overfull \hbox (133.5904pt too wide) in paragraph at lines 555--556
[][] 
 []



[33]
Overfull \hbox (133.5904pt too wide) in paragraph at lines 557--559
[][] 
 []



[34]
Overfull \hbox (133.5904pt too wide) in paragraph at lines 610--611
[][] 
 []


Overfull \hbox (78.4024pt too wide) in paragraph at lines 611--612
[][] 
 []


Overfull \hbox (133.5904pt too wide) in paragraph at lines 612--614
[][] 
 []

)

[35] (report.aux)
 ***********
LaTeX2e <2025-06-01> patch level 1
L3 programming layer <2025-08-13>
 ***********
Package rerunfilecheck Info: File `report.out' has not changed.
(rerunfilecheck)             Checksum: D41D8CD98F00B204E9800998ECF8427E;0.
 ) 
Here is how much of TeX's memory you used:
 12116 strings out of 468133
 186119 string characters out of 5430713
 1004480 words of memory out of 5000000
 39787 multiletter control sequences out of 15000+600000
 633963 words of font info for 66 fonts, out of 8000000 for 9000
 1141 hyphenation exceptions out of 8191
 75i,8n,79p,355b,2111s stack positions out of 10000i,1000n,20000p,200000b,200000s
<C:/Users/markm/AppData/Local/Programs/MiKTeX/fonts/type1/public/amsfonts/cm/
cmbx12.pfb><C:/Users/markm/AppData/Local/Programs/MiKTeX/fonts/type1/public/ams
fonts/cm/cmex10.pfb><C:/Users/markm/AppData/Local/Programs/MiKTeX/fonts/type1/p
ublic/amsfonts/cm/cmitt10.pfb><C:/Users/markm/AppData/Local/Programs/MiKTeX/fon
ts/type1/public/amsfonts/cm/cmmi12.pfb><C:/Users/markm/AppData/Local/Programs/M
iKTeX/fonts/type1/public/amsfonts/cm/cmmi8.pfb><C:/Users/markm/AppData/Local/Pr
ograms/MiKTeX/fonts/type1/public/amsfonts/cm/cmr12.pfb><C:/Users/markm/AppData/
Local/Programs/MiKTeX/fonts/type1/public/amsfonts/cm/cmr17.pfb><C:/Users/markm/
AppData/Local/Programs/MiKTeX/fonts/type1/public/amsfonts/cm/cmr8.pfb><C:/Users
/markm/AppData/Local/Programs/MiKTeX/fonts/type1/public/amsfonts/cm/cmsy10.pfb>
<C:/Users/markm/AppData/Local/Programs/MiKTeX/fonts/type1/public/amsfonts/cm/cm
ti12.pfb><C:/Users/markm/AppData/Local/Programs/MiKTeX/fonts/type1/public/amsfo
nts/cm/cmtt10.pfb><C:/Users/markm/AppData/Local/Programs/MiKTeX/fonts/type1/pub
lic/amsfonts/cm/cmtt12.pfb>
Output written on report.pdf (35 pages, 3168088 bytes).
PDF statistics:
 1179 PDF objects out of 1200 (max. 8388607)
 824 named destinations out of 1000 (max. 500000)
 56 words of extra memory for PDF output out of 10000 (max. 10000000)

